node.exe : FAIL test/cms.e2e-spec.ts
At C:\Program Files\nodejs\npx.ps1:29 char:3
+   & $NODE_EXE $NPX_CLI_JS $args
+   ~~~~~~~~~~~~~~~~~~~~~~~~~~~~~
    + CategoryInfo          : NotSpecified: (FAIL test/cms.e2e-spec.ts:String) [], RemoteException
    + FullyQualifiedErrorId : NativeCommandError
 
  ΓùÅ CMS E2E Flow ΓÇ║ should create, publish and view a blog post

    expected 201 "Created", got 500 "Internal Server Error"

    [0m [90m 113 |[39m                 isPublished[33m:[39m [36mfalse[39m[33m,[39m
     [90m 114 |[39m             })
    [31m[1m>[22m[39m[90m 115 |[39m             [33m.[39mexpect([35m201[39m)[33m;[39m
     [90m     |[39m              [31m[1m^[22m[39m
     [90m 116 |[39m
     [90m 117 |[39m         [36mconst[39m postId [33m=[39m 
createRes[33m.[39mbody[33m.[39mid[33m;[39m
     [90m 118 |[39m         expect(postId)[33m.[39mtoBeDefined()[33m;[39m[0m

      at Object.<anonymous> (cms.e2e-spec.ts:115:14)
      ----
      at Test._assertStatus (../node_modules/supertest/lib/test.js:252:14)
      at ../node_modules/supertest/lib/test.js:308:13
      at Test._assertFunction (../node_modules/supertest/lib/test.js:285:13)
      at Test.assert (../node_modules/supertest/lib/test.js:164:23)
      at Server.localAssert (../node_modules/supertest/lib/test.js:120:14)


  ΓùÅ Test suite failed to run

    PrismaClientKnownRequestError: 
    Invalid `prisma.post.deleteMany()` invocation in
    F:\laba-platform-phase1\backend\test\cms.e2e-spec.ts:96:27

      93 });
      94 
      95 afterAll(async () => {
    ΓåÆ 96     await prisma.post.deleteMany(
    The table `public.posts` does not exist in the current database.

    [0m [90m 94 |[39m
     [90m 95 |[39m     afterAll([36masync[39m () [33m=>[39m {
    [31m[1m>[22m[39m[90m 96 |[39m         [36mawait[39m 
prisma[33m.[39mpost[33m.[39mdeleteMany({ where[33m:[39m { title[33m:[39m { contains[33m:[39m 
[32m'E2E Test'[39m } } })[33m;[39m
     [90m    |[39m         [31m[1m^[22m[39m
     [90m 97 |[39m         [36mawait[39m prisma[33m.[39muser[33m.[39mdeleteMany({ 
where[33m:[39m { email[33m:[39m { contains[33m:[39m [32m'admin-test-'[39m } } })[33m;[39m
     [90m 98 |[39m         [36mawait[39m app[33m.[39mclose()[33m;[39m
     [90m 99 |[39m     })[33m;[39m[0m

      at Ln.handleRequestError (../node_modules/@prisma/client/runtime/library.js:121:7753)
      at Ln.handleAndLogRequestError (../node_modules/@prisma/client/runtime/library.js:121:7061)
      at Ln.request (../node_modules/@prisma/client/runtime/library.js:121:6745)
      at l (../node_modules/@prisma/client/runtime/library.js:130:9633)
      at Object.<anonymous> (cms.e2e-spec.ts:96:9)

Test Suites: 1 failed, 1 total
Tests:       1 failed, 1 total
Snapshots:   0 total
Time:        3.93 s
Ran all test suites matching /.\\test\\cms.e2e-spec.ts/i.
Jest did not exit one second after the test run has completed.

'This usually means that there are asynchronous operations that weren't stopped in your tests. Consider 
running Jest with `--detectOpenHandles` to troubleshoot this issue.
